// Jest Snapshot v1, https://goo.gl/fbAQLP

exports[`Loader should match the snapshot 1`] = `
<div
  className="loader-container"
>
  <img
    alt="deathStar"
    className="loader-image"
    src="death-star.png"
  />
  <p
    className="loader-text"
  >
    loading...
  </p>
</div>
`;
