// Jest Snapshot v1, https://goo.gl/fbAQLP

exports[`App should match the snapshot with the favorited class 1`] = `
<main
  className="App"
>
  <Header />
  <Form />
</main>
`;
