// Jest Snapshot v1, https://goo.gl/fbAQLP

exports[`UserProfile should match the snapshot 1`] = `
<section
  className="user-profile"
>
  <h2 />
  <h3 />
  <p />
</section>
`;
